[     971ms] [WARNING] GSAP target .case-card not found. https://gsap.com @ https://cdn.jsdelivr.net/npm/gsap@3.12.7/dist/gsap.min.js:9
[     971ms] [WARNING] GSAP target  not found. https://gsap.com @ https://cdn.jsdelivr.net/npm/gsap@3.12.7/dist/gsap.min.js:9
[     972ms] [WARNING] GSAP target  not found. https://gsap.com @ https://cdn.jsdelivr.net/npm/gsap@3.12.7/dist/gsap.min.js:9
[     972ms] [WARNING] Element not found: .case-scroll @ https://cdn.jsdelivr.net/npm/gsap@3.12.7/dist/ScrollTrigger.min.js:9
[     973ms] [WARNING] GSAP target .process-step not found. https://gsap.com @ https://cdn.jsdelivr.net/npm/gsap@3.12.7/dist/gsap.min.js:9
[     973ms] [WARNING] GSAP target  not found. https://gsap.com @ https://cdn.jsdelivr.net/npm/gsap@3.12.7/dist/gsap.min.js:9
[     973ms] [WARNING] GSAP target  not found. https://gsap.com @ https://cdn.jsdelivr.net/npm/gsap@3.12.7/dist/gsap.min.js:9
[     973ms] [WARNING] Element not found: .process-demo @ https://cdn.jsdelivr.net/npm/gsap@3.12.7/dist/ScrollTrigger.min.js:9
[     973ms] [WARNING] GSAP target .logo-placeholder not found. https://gsap.com @ https://cdn.jsdelivr.net/npm/gsap@3.12.7/dist/gsap.min.js:9
[     973ms] [WARNING] GSAP target  not found. https://gsap.com @ https://cdn.jsdelivr.net/npm/gsap@3.12.7/dist/gsap.min.js:9
[     973ms] [WARNING] GSAP target  not found. https://gsap.com @ https://cdn.jsdelivr.net/npm/gsap@3.12.7/dist/gsap.min.js:9
[     973ms] [WARNING] Element not found: .logo-bar @ https://cdn.jsdelivr.net/npm/gsap@3.12.7/dist/ScrollTrigger.min.js:9
[    1023ms] [WARNING] GSAP target  not found. https://gsap.com @ https://cdn.jsdelivr.net/npm/gsap@3.12.7/dist/gsap.min.js:9
[    1023ms] [WARNING] GSAP target  not found. https://gsap.com @ https://cdn.jsdelivr.net/npm/gsap@3.12.7/dist/gsap.min.js:9
[    1023ms] [WARNING] GSAP target  not found. https://gsap.com @ https://cdn.jsdelivr.net/npm/gsap@3.12.7/dist/gsap.min.js:9
[    1028ms] [WARNING] GSAP target  not found. https://gsap.com @ https://cdn.jsdelivr.net/npm/gsap@3.12.7/dist/gsap.min.js:9
[    1028ms] [WARNING] GSAP target  not found. https://gsap.com @ https://cdn.jsdelivr.net/npm/gsap@3.12.7/dist/gsap.min.js:9
[    1028ms] [WARNING] GSAP target  not found. https://gsap.com @ https://cdn.jsdelivr.net/npm/gsap@3.12.7/dist/gsap.min.js:9
[    3180ms] [WARNING] Datadog Browser SDK: No storage available for session. We will not send any data. @ https://assets.calendly.com/assets/booking/js/booking-f49cf0fd0.js:75
[  328814ms] [WARNING] GSAP target .case-card not found. https://gsap.com @ https://cdn.jsdelivr.net/npm/gsap@3.12.7/dist/gsap.min.js:9
[  328815ms] [WARNING] GSAP target  not found. https://gsap.com @ https://cdn.jsdelivr.net/npm/gsap@3.12.7/dist/gsap.min.js:9
[  328815ms] [WARNING] GSAP target  not found. https://gsap.com @ https://cdn.jsdelivr.net/npm/gsap@3.12.7/dist/gsap.min.js:9
[  328815ms] [WARNING] Element not found: .case-scroll @ https://cdn.jsdelivr.net/npm/gsap@3.12.7/dist/ScrollTrigger.min.js:9
[  328815ms] [WARNING] GSAP target .process-step not found. https://gsap.com @ https://cdn.jsdelivr.net/npm/gsap@3.12.7/dist/gsap.min.js:9
[  328815ms] [WARNING] GSAP target  not found. https://gsap.com @ https://cdn.jsdelivr.net/npm/gsap@3.12.7/dist/gsap.min.js:9
[  328815ms] [WARNING] GSAP target  not found. https://gsap.com @ https://cdn.jsdelivr.net/npm/gsap@3.12.7/dist/gsap.min.js:9
[  328815ms] [WARNING] Element not found: .process-demo @ https://cdn.jsdelivr.net/npm/gsap@3.12.7/dist/ScrollTrigger.min.js:9
[  328815ms] [WARNING] GSAP target .logo-placeholder not found. https://gsap.com @ https://cdn.jsdelivr.net/npm/gsap@3.12.7/dist/gsap.min.js:9
[  328815ms] [WARNING] GSAP target  not found. https://gsap.com @ https://cdn.jsdelivr.net/npm/gsap@3.12.7/dist/gsap.min.js:9
[  328815ms] [WARNING] GSAP target  not found. https://gsap.com @ https://cdn.jsdelivr.net/npm/gsap@3.12.7/dist/gsap.min.js:9
[  328815ms] [WARNING] Element not found: .logo-bar @ https://cdn.jsdelivr.net/npm/gsap@3.12.7/dist/ScrollTrigger.min.js:9
[  328846ms] [WARNING] GSAP target  not found. https://gsap.com @ https://cdn.jsdelivr.net/npm/gsap@3.12.7/dist/gsap.min.js:9
[  328846ms] [WARNING] GSAP target  not found. https://gsap.com @ https://cdn.jsdelivr.net/npm/gsap@3.12.7/dist/gsap.min.js:9
[  328846ms] [WARNING] GSAP target  not found. https://gsap.com @ https://cdn.jsdelivr.net/npm/gsap@3.12.7/dist/gsap.min.js:9
[  328851ms] [WARNING] GSAP target  not found. https://gsap.com @ https://cdn.jsdelivr.net/npm/gsap@3.12.7/dist/gsap.min.js:9
[  328851ms] [WARNING] GSAP target  not found. https://gsap.com @ https://cdn.jsdelivr.net/npm/gsap@3.12.7/dist/gsap.min.js:9
[  328851ms] [WARNING] GSAP target  not found. https://gsap.com @ https://cdn.jsdelivr.net/npm/gsap@3.12.7/dist/gsap.min.js:9
[  329696ms] [WARNING] Datadog Browser SDK: No storage available for session. We will not send any data. @ https://assets.calendly.com/assets/booking/js/booking-f49cf0fd0.js:75
[66503824ms] [WARNING] GSAP target .case-card not found. https://gsap.com @ https://cdn.jsdelivr.net/npm/gsap@3.12.7/dist/gsap.min.js:9
[66503824ms] [WARNING] GSAP target  not found. https://gsap.com @ https://cdn.jsdelivr.net/npm/gsap@3.12.7/dist/gsap.min.js:9
[66503825ms] [WARNING] GSAP target  not found. https://gsap.com @ https://cdn.jsdelivr.net/npm/gsap@3.12.7/dist/gsap.min.js:9
[66503825ms] [WARNING] Element not found: .case-scroll @ https://cdn.jsdelivr.net/npm/gsap@3.12.7/dist/ScrollTrigger.min.js:9
[66503825ms] [WARNING] GSAP target .process-step not found. https://gsap.com @ https://cdn.jsdelivr.net/npm/gsap@3.12.7/dist/gsap.min.js:9
[66503825ms] [WARNING] GSAP target  not found. https://gsap.com @ https://cdn.jsdelivr.net/npm/gsap@3.12.7/dist/gsap.min.js:9
[66503825ms] [WARNING] GSAP target  not found. https://gsap.com @ https://cdn.jsdelivr.net/npm/gsap@3.12.7/dist/gsap.min.js:9
[66503825ms] [WARNING] Element not found: .process-demo @ https://cdn.jsdelivr.net/npm/gsap@3.12.7/dist/ScrollTrigger.min.js:9
[66503825ms] [WARNING] GSAP target .logo-placeholder not found. https://gsap.com @ https://cdn.jsdelivr.net/npm/gsap@3.12.7/dist/gsap.min.js:9
[66503825ms] [WARNING] GSAP target  not found. https://gsap.com @ https://cdn.jsdelivr.net/npm/gsap@3.12.7/dist/gsap.min.js:9
[66503825ms] [WARNING] GSAP target  not found. https://gsap.com @ https://cdn.jsdelivr.net/npm/gsap@3.12.7/dist/gsap.min.js:9
[66503825ms] [WARNING] Element not found: .logo-bar @ https://cdn.jsdelivr.net/npm/gsap@3.12.7/dist/ScrollTrigger.min.js:9
[66503874ms] [WARNING] GSAP target  not found. https://gsap.com @ https://cdn.jsdelivr.net/npm/gsap@3.12.7/dist/gsap.min.js:9
[66503874ms] [WARNING] GSAP target  not found. https://gsap.com @ https://cdn.jsdelivr.net/npm/gsap@3.12.7/dist/gsap.min.js:9
[66503874ms] [WARNING] GSAP target  not found. https://gsap.com @ https://cdn.jsdelivr.net/npm/gsap@3.12.7/dist/gsap.min.js:9
[66503875ms] [WARNING] GSAP target  not found. https://gsap.com @ https://cdn.jsdelivr.net/npm/gsap@3.12.7/dist/gsap.min.js:9
[66503875ms] [WARNING] GSAP target  not found. https://gsap.com @ https://cdn.jsdelivr.net/npm/gsap@3.12.7/dist/gsap.min.js:9
[66503875ms] [WARNING] GSAP target  not found. https://gsap.com @ https://cdn.jsdelivr.net/npm/gsap@3.12.7/dist/gsap.min.js:9
[66504892ms] [INFO] Loading the script 'https://assets.calendly.com/pxwebj3qd.js' violates the following Content Security Policy directive: "script-src 'unsafe-inline' 'unsafe-eval'". Note that 'script-src-elem' was not explicitly set, so 'script-src' is used as a fallback. The policy is report-only, so the violation has been logged but no further action has been taken. @ https://calendly.com/juanh-buttonupmedia/freeconsultation?embed_domain=127.0.0.1%3A4173&embed_type=Inline&hide_gdpr_banner=1&background_color=111111&text_color=f6f0e6&primary_color=e2a84d:0
[66504893ms] [INFO] Loading the script 'https://assets.calendly.com/assets/booking/js/booking-f49cf0fd0.js' violates the following Content Security Policy directive: "script-src 'unsafe-inline' 'unsafe-eval'". Note that 'script-src-elem' was not explicitly set, so 'script-src' is used as a fallback. The policy is report-only, so the violation has been logged but no further action has been taken. @ https://calendly.com/juanh-buttonupmedia/freeconsultation?embed_domain=127.0.0.1%3A4173&embed_type=Inline&hide_gdpr_banner=1&background_color=111111&text_color=f6f0e6&primary_color=e2a84d:0
[66505145ms] [INFO] Loading the script 'https://assets.calendly.com/assets/booking/js/284-90448283d.chunk.js' violates the following Content Security Policy directive: "script-src 'unsafe-inline' 'unsafe-eval'". Note that 'script-src-elem' was not explicitly set, so 'script-src' is used as a fallback. The policy is report-only, so the violation has been logged but no further action has been taken. @ https://assets.calendly.com/assets/booking/js/booking-f49cf0fd0.js:174
[66505173ms] [INFO] Loading the script 'https://assets.calendly.com/assets/booking/js/246-834e1eac1.chunk.js' violates the following Content Security Policy directive: "script-src 'unsafe-inline' 'unsafe-eval'". Note that 'script-src-elem' was not explicitly set, so 'script-src' is used as a fallback. The policy is report-only, so the violation has been logged but no further action has been taken. @ https://assets.calendly.com/assets/booking/js/booking-f49cf0fd0.js:174
[66505203ms] [INFO] Loading the script 'https://js.stripe.com/v3' violates the following Content Security Policy directive: "script-src 'unsafe-inline' 'unsafe-eval'". Note that 'script-src-elem' was not explicitly set, so 'script-src' is used as a fallback. The policy is report-only, so the violation has been logged but no further action has been taken. @ https://assets.calendly.com/assets/booking/js/booking-f49cf0fd0.js:244
[66505217ms] [INFO] Connecting to 'https://calendly.com/api/booking/initial_settings' violates the following Content Security Policy directive: "connect-src 'none'". The policy is report-only, so the violation has been logged but no further action has been taken. @ https://assets.calendly.com/assets/booking/js/booking-f49cf0fd0.js:62
[66505368ms] [WARNING] Datadog Browser SDK: No storage available for session. We will not send any data. @ https://assets.calendly.com/assets/booking/js/booking-f49cf0fd0.js:75
[66505371ms] [INFO] Loading the script 'https://cdn.segment.io/analytics.js/v1/rfvnxd6wnn/analytics.min.js' violates the following Content Security Policy directive: "script-src 'unsafe-inline' 'unsafe-eval'". Note that 'script-src-elem' was not explicitly set, so 'script-src' is used as a fallback. The policy is report-only, so the violation has been logged but no further action has been taken. @ https://assets.calendly.com/assets/booking/js/booking-f49cf0fd0.js:39
[66505371ms] [INFO] Loading the script 'https://www.recaptcha.net/recaptcha/enterprise.js?render=6LeAb4QUAAAAAOM9CNYSsvbnzWTByRAgm3GA5D4n' violates the following Content Security Policy directive: "script-src 'unsafe-inline' 'unsafe-eval'". Note that 'script-src-elem' was not explicitly set, so 'script-src' is used as a fallback. The policy is report-only, so the violation has been logged but no further action has been taken. @ https://assets.calendly.com/assets/booking/js/booking-f49cf0fd0.js:174
[66505373ms] [INFO] Loading the script 'https://www.google-analytics.com/analytics.js' violates the following Content Security Policy directive: "script-src 'unsafe-inline' 'unsafe-eval'". Note that 'script-src-elem' was not explicitly set, so 'script-src' is used as a fallback. The policy is report-only, so the violation has been logged but no further action has been taken. @ https://assets.calendly.com/assets/booking/js/booking-f49cf0fd0.js:39
[66505374ms] [INFO] Loading the script 'https://connect.facebook.net/en_US/fbevents.js' violates the following Content Security Policy directive: "script-src 'unsafe-inline' 'unsafe-eval'". Note that 'script-src-elem' was not explicitly set, so 'script-src' is used as a fallback. The policy is report-only, so the violation has been logged but no further action has been taken. @ https://assets.calendly.com/assets/booking/js/booking-f49cf0fd0.js:39
[66505379ms] [INFO] Loading the script 'https://www.googletagmanager.com/gtag/js' violates the following Content Security Policy directive: "script-src 'unsafe-inline' 'unsafe-eval'". Note that 'script-src-elem' was not explicitly set, so 'script-src' is used as a fallback. The policy is report-only, so the violation has been logged but no further action has been taken. @ https://assets.calendly.com/assets/booking/js/booking-f49cf0fd0.js:259
[66505380ms] [INFO] Connecting to 'https://notifier-configs.airbrake.io/2020-06-18/config/648967/config.json?&notifier_name=airbrake-js%2Fbrowser&notifier_version=2.1.9&os=Mozilla%2F5.0%20(Macintosh%3B%20Intel%20Mac%20OS%20X%2010_15_7)%20AppleWebKit%2F537.36%20(KHTML%2C%20like%20Gecko)%20Chrome%2F148.0.0.0%20Safari%2F537.36&language=JavaScript' violates the following Content Security Policy directive: "connect-src 'none'". The policy is report-only, so the violation has been logged but no further action has been taken. @ https://assets.calendly.com/assets/booking/js/booking-f49cf0fd0.js:62
[66505380ms] [INFO] Connecting to 'https://notifier-configs.airbrake.io/2020-06-18/config/648967/config.json?&notifier_name=airbrake-js%2Fbrowser&notifier_version=2.1.9&os=Mozilla%2F5.0%20(Macintosh%3B%20Intel%20Mac%20OS%20X%2010_15_7)%20AppleWebKit%2F537.36%20(KHTML%2C%20like%20Gecko)%20Chrome%2F148.0.0.0%20Safari%2F537.36&language=JavaScript' violates the following Content Security Policy directive: "connect-src 'none'". The policy is report-only, so the violation has been logged but no further action has been taken. @ https://assets.calendly.com/assets/booking/js/booking-f49cf0fd0.js:62
[66505382ms] [INFO] Loading the script 'https://accounts.google.com/gsi/client' violates the following Content Security Policy directive: "script-src 'unsafe-inline' 'unsafe-eval'". Note that 'script-src-elem' was not explicitly set, so 'script-src' is used as a fallback. The policy is report-only, so the violation has been logged but no further action has been taken. @ https://assets.calendly.com/assets/booking/js/booking-f49cf0fd0.js:178
[66505421ms] [INFO] Connecting to 'https://calendly.com/api/booking/event_types/lookup?event_type_slug=freeconsultation&profile_slug=juanh-buttonupmedia&embed_domain=127.0.0.1%3A4173&embed_type=Inline&hide_gdpr_banner=1' violates the following Content Security Policy directive: "connect-src 'none'". The policy is report-only, so the violation has been logged but no further action has been taken. @ https://assets.calendly.com/assets/booking/js/booking-f49cf0fd0.js:62
[66505440ms] [INFO] Connecting to 'https://calendly.com/api/booking/experiments?anonymous_id=9409bcba-bc31-48c3-955f-b9b45f982ea4' violates the following Content Security Policy directive: "connect-src 'none'". The policy is report-only, so the violation has been logged but no further action has been taken. @ https://assets.calendly.com/assets/booking/js/booking-f49cf0fd0.js:62
[66505706ms] [INFO] Connecting to 'https://dfp.calendly.com/submit' violates the following Content Security Policy directive: "connect-src 'none'". The policy is report-only, so the violation has been logged but no further action has been taken. @ https://assets.calendly.com/assets/booking/js/booking-f49cf0fd0.js:126
[66505706ms] [INFO] Connecting to 'https://dfp.calendly.com/submit' violates the following Content Security Policy directive: "connect-src 'none'". The policy is report-only, so the violation has been logged but no further action has been taken. @ https://assets.calendly.com/assets/booking/js/booking-f49cf0fd0.js:126
[66505708ms] [INFO] Loading the script 'https://www.gstatic.com/recaptcha/releases/Br0hYqpfWeFzYCAXLD4UuCIV/recaptcha__en.js' violates the following Content Security Policy directive: "script-src 'unsafe-inline' 'unsafe-eval'". Note that 'script-src-elem' was not explicitly set, so 'script-src' is used as a fallback. The policy is report-only, so the violation has been logged but no further action has been taken. @ https://www.recaptcha.net/recaptcha/enterprise.js?render=6LeAb4QUAAAAAOM9CNYSsvbnzWTByRAgm3GA5D4n:0
[66505711ms] [INFO] Connecting to 'https://cdn.segment.io/v1/projects/rfvnxd6wnn/settings' violates the following Content Security Policy directive: "connect-src 'none'". The policy is report-only, so the violation has been logged but no further action has been taken. @ https://assets.calendly.com/assets/booking/js/booking-f49cf0fd0.js:126
[66505711ms] [INFO] Connecting to 'https://cdn.segment.io/v1/projects/rfvnxd6wnn/settings' violates the following Content Security Policy directive: "connect-src 'none'". The policy is report-only, so the violation has been logged but no further action has been taken. @ https://assets.calendly.com/assets/booking/js/booking-f49cf0fd0.js:126
[66505819ms] [INFO] Loading the script 'https://cdn.segment.io/analytics-next/bundles/tsub-middleware.bundle.d94be5c4b3baf7f16aa2.js' violates the following Content Security Policy directive: "script-src 'unsafe-inline' 'unsafe-eval'". Note that 'script-src-elem' was not explicitly set, so 'script-src' is used as a fallback. The policy is report-only, so the violation has been logged but no further action has been taken. @ https://cdn.segment.io/analytics.js/v1/rfvnxd6wnn/analytics.min.js:0
[66505850ms] [INFO] Loading the script 'https://cdn.segment.io/analytics-next/bundles/ajs-destination.bundle.8e6b895db75187c55313.js' violates the following Content Security Policy directive: "script-src 'unsafe-inline' 'unsafe-eval'". Note that 'script-src-elem' was not explicitly set, so 'script-src' is used as a fallback. The policy is report-only, so the violation has been logged but no further action has been taken. @ https://cdn.segment.io/analytics.js/v1/rfvnxd6wnn/analytics.min.js:0
[66505852ms] [INFO] Loading the script 'https://cdn.segment.io/analytics-next/bundles/schemaFilter.bundle.1b218d13fed021531d4e.js' violates the following Content Security Policy directive: "script-src 'unsafe-inline' 'unsafe-eval'". Note that 'script-src-elem' was not explicitly set, so 'script-src' is used as a fallback. The policy is report-only, so the violation has been logged but no further action has been taken. @ https://cdn.segment.io/analytics.js/v1/rfvnxd6wnn/analytics.min.js:0
[66505854ms] [INFO] Loading the script 'https://cdn.segment.io/next-integrations/actions/amplitude-plugins/f12a4347e1080fb88155.js' violates the following Content Security Policy directive: "script-src 'unsafe-inline' 'unsafe-eval'". Note that 'script-src-elem' was not explicitly set, so 'script-src' is used as a fallback. The policy is report-only, so the violation has been logged but no further action has been taken. @ https://cdn.segment.io/analytics.js/v1/rfvnxd6wnn/analytics.min.js:0
[66505854ms] [INFO] Loading the script 'https://cdn.segment.io/next-integrations/actions/braze/1625c39259e73e42cf8d.js' violates the following Content Security Policy directive: "script-src 'unsafe-inline' 'unsafe-eval'". Note that 'script-src-elem' was not explicitly set, so 'script-src' is used as a fallback. The policy is report-only, so the violation has been logged but no further action has been taken. @ https://cdn.segment.io/analytics.js/v1/rfvnxd6wnn/analytics.min.js:0
[66505855ms] [INFO] Loading the script 'https://cdn.segment.io/next-integrations/actions/sprig-web/bc50dbdbed39d7f52643.js' violates the following Content Security Policy directive: "script-src 'unsafe-inline' 'unsafe-eval'". Note that 'script-src-elem' was not explicitly set, so 'script-src' is used as a fallback. The policy is report-only, so the violation has been logged but no further action has been taken. @ https://cdn.segment.io/analytics.js/v1/rfvnxd6wnn/analytics.min.js:0
[66505855ms] [INFO] Loading the script 'https://cdn.segment.io/next-integrations/actions/3962/1faa179dfb20d0a3f5a0.js' violates the following Content Security Policy directive: "script-src 'unsafe-inline' 'unsafe-eval'". Note that 'script-src-elem' was not explicitly set, so 'script-src' is used as a fallback. The policy is report-only, so the violation has been logged but no further action has been taken. @ https://cdn.segment.io/next-integrations/actions/amplitude-plugins/f12a4347e1080fb88155.js:0
[66505881ms] [INFO] Loading the script 'https://cdn.sprig.com/shim.js?id=mJsBxzyJ95ws' violates the following Content Security Policy directive: "script-src 'unsafe-inline' 'unsafe-eval'". Note that 'script-src-elem' was not explicitly set, so 'script-src' is used as a fallback. The policy is report-only, so the violation has been logged but no further action has been taken. @ https://cdn.segment.io/next-integrations/actions/3962/1faa179dfb20d0a3f5a0.js:0
[66505882ms] [INFO] Loading the script 'https://js.appboycdn.com/web-sdk/5.9/braze.no-module.min.js' violates the following Content Security Policy directive: "script-src 'unsafe-inline' 'unsafe-eval'". Note that 'script-src-elem' was not explicitly set, so 'script-src' is used as a fallback. The policy is report-only, so the violation has been logged but no further action has been taken. @ https://cdn.segment.io/next-integrations/actions/3962/1faa179dfb20d0a3f5a0.js:0
[66505882ms] [INFO] Loading the script 'https://cdn.segment.io/analytics-next/bundles/remoteMiddleware.bundle.017f06aa227008ba8df2.js' violates the following Content Security Policy directive: "script-src 'unsafe-inline' 'unsafe-eval'". Note that 'script-src-elem' was not explicitly set, so 'script-src' is used as a fallback. The policy is report-only, so the violation has been logged but no further action has been taken. @ https://cdn.segment.io/analytics.js/v1/rfvnxd6wnn/analytics.min.js:0
[66505884ms] [INFO] Loading the script 'https://cdn.segment.io/next-integrations/middleware/analytics.js-middleware-braze-deduplicate/latest/analytics.js-middleware-braze-deduplicate.js.gz' violates the following Content Security Policy directive: "script-src 'unsafe-inline' 'unsafe-eval'". Note that 'script-src-elem' was not explicitly set, so 'script-src' is used as a fallback. The policy is report-only, so the violation has been logged but no further action has been taken. @ https://cdn.segment.io/analytics.js/v1/rfvnxd6wnn/analytics.min.js:0
[66506065ms] [INFO] Connecting to 'https://api.sprig.com/sdk/1/environments/mJsBxzyJ95ws/config' violates the following Content Security Policy directive: "connect-src 'none'". The policy is report-only, so the violation has been logged but no further action has been taken. @ https://assets.calendly.com/assets/booking/js/booking-f49cf0fd0.js:126
[66506065ms] [INFO] Connecting to 'https://api.sprig.com/sdk/1/environments/mJsBxzyJ95ws/config' violates the following Content Security Policy directive: "connect-src 'none'". The policy is report-only, so the violation has been logged but no further action has been taken. @ https://assets.calendly.com/assets/booking/js/booking-f49cf0fd0.js:126
[66506065ms] [WARNING] [Sprig] https://api.sprig.com/sdk/1/environments/mJsBxzyJ95ws/config is blocked by Content-Security-Policy @ https://cdn.sprig.com/shim.js?id=mJsBxzyJ95ws:2
[66506065ms] [WARNING] [Sprig] https://api.sprig.com/sdk/1/environments/mJsBxzyJ95ws/config is blocked by Content-Security-Policy @ https://cdn.sprig.com/shim.js?id=mJsBxzyJ95ws:2
[66506320ms] [INFO] Connecting to 'https://calendly.com/api/booking/features/40870cc1-f34c-465a-bc69-7f4a67ec95d4' violates the following Content Security Policy directive: "connect-src 'none'". The policy is report-only, so the violation has been logged but no further action has been taken. @ https://assets.calendly.com/assets/booking/js/booking-f49cf0fd0.js:62
[66506321ms] [INFO] Connecting to 'https://calendly.com/api/booking/experiments?organization_uuid=40870cc1-f34c-465a-bc69-7f4a67ec95d4&locale=en&anonymous_id=9409bcba-bc31-48c3-955f-b9b45f982ea4' violates the following Content Security Policy directive: "connect-src 'none'". The policy is report-only, so the violation has been logged but no further action has been taken. @ https://assets.calendly.com/assets/booking/js/booking-f49cf0fd0.js:62
[66506383ms] [INFO] Loading the script 'https://cdn.sprig.com/dependencies/record.min.js' violates the following Content Security Policy directive: "script-src 'unsafe-inline' 'unsafe-eval'". Note that 'script-src-elem' was not explicitly set, so 'script-src' is used as a fallback. The policy is report-only, so the violation has been logged but no further action has been taken. @ https://cdn.sprig.com/shim.js?id=mJsBxzyJ95ws:13
[66506595ms] [INFO] Loading the script 'https://www.googletagmanager.com/gtag/js?id=G-980JXF2DJN&cx=c&gtm=4e65k1' violates the following Content Security Policy directive: "script-src 'unsafe-inline' 'unsafe-eval'". Note that 'script-src-elem' was not explicitly set, so 'script-src' is used as a fallback. The policy is report-only, so the violation has been logged but no further action has been taken. @ https://www.googletagmanager.com/gtag/js:68
[66506596ms] [INFO] Loading the script 'https://connect.facebook.net/signals/config/195018013583122?v=2.9.325&r=stable&domain=127.0.0.1&hme=af8aa31887db259becaf70277daef60bd8bc35c2df82c2acd4258de27ecac4b5&ex_m=104%2C207%2C155%2C22%2C72%2C73%2C146%2C68%2C67%2C11%2C164%2C90%2C16%2C138%2C127%2C39%2C75%2C78%2C134%2C160%2C166%2C8%2C4%2C5%2C7%2C6%2C3%2C91%2C101%2C167%2C172%2C221%2C62%2C188%2C189%2C55%2C279%2C30%2C74%2C233%2C232%2C231%2C23%2C33%2C103%2C61%2C10%2C63%2C97%2C98%2C99%2C105%2C130%2C31%2C29%2C132%2C133%2C129%2C128%2C156%2C76%2C159%2C157%2C15...%2C150%2C149%2C151%2C142%2C140%2C25%2C35%2C59%2C109%2C162%2C70%2C17%2C153%2C114%2C81%2C66%2C19%2C85%2C86%2C116%2C84%2C136%2C135%2C139%2C161%2C34%2C281%2C297%2C214%2C203%2C204%2C202%2C300%2C291%2C52%2C215%2C107%2C131%2C80%2C121%2C54%2C47%2C49%2C113%2C120%2C126%2C125%2C58%2C64%2C152%2C115%2C37%2C32%2C53%2C56%2C100%2C165%2C1%2C124%2C14%2C122%2C12%2C2%2C57%2C93%2C65%2C118%2C89%2C88%2C168%2C169%2C94%2C95%2C9%2C102%2C51%2C143%2C87%2C79%2C71%2C117%2C106%2C43%2C144%2C0%2C82%2C137%2C141%2C154%2C38%2C108%2C13%2C170' violates the following Content Security Policy directive: "script-src 'unsafe-inline' 'unsafe-eval'". Note that 'script-src-elem' was not explicitly set, so 'script-src' is used as a fallback. The policy is report-only, so the violation has been logged but no further action has been taken. @ https://connect.facebook.net/en_US/fbevents.js:175
[66506616ms] [INFO] Connecting to 'https://calendly.com/api/booking/event_types/dbd7c094-9468-45d1-bf9c-d66bf4b69942/calendar/range?timezone=America%2FNew_York&diagnostics=false&range_start=2026-05-23&range_end=2026-05-31&embed_domain=127.0.0.1%3A4173&embed_type=Inline&scheduling_link_uuid=23j-6ds-n2g' violates the following Content Security Policy directive: "connect-src 'none'". The policy is report-only, so the violation has been logged but no further action has been taken. @ https://assets.calendly.com/assets/booking/js/booking-f49cf0fd0.js:62
[66506825ms] [INFO] Connecting to 'https://analytics.google.com/g/collect?v=2&tid=G-980JXF2DJN&gtm=45je65k1v9217992233za200&_p=1779553362521&_gaz=1&gcd=13l3l3l3l1l1&npa=0&dma=0&ecid=1796351223&_eu=EAAAAGQC&are=1&cid=1348966702.1779486862&frm=2&ir=1&pscdl=noapi&rcb=5&sr=1470x956&uaa=arm&uab=64&uafvl=Chromium%3B148.0.7778.179%7CGoogle%2520Chrome%3B148.0.7778.179%7CNot%252FA)Brand%3B99.0.0.0&uam=&uamb=0&uap=macOS&uapv=15.7.7&uaw=0&ul=en-us&gaf=2&_s=1&tag_exp=0~115938466~115938468~118689381&sid=1779553363&sct=2&seg=0&dl=https%3A%2F%2Fcalendly.com%2Fjuanh-buttonupmedia%2Ffreeconsultation&dr=https%3A%2F%2Fcalendly.com%2Fjuanh-buttonupmedia%2Ffreeconsultation&dt=Select%20a%20Date%20%26%20Time%20-%20Calendly&_tu=QA&en=invitee_event_type_page&_ss=1&_ee=1&ep.event_category=Calendly&ep.event_label=Free%20Food%20%26%20Beverage%20Marketing%20Consultation&tfd=2720' violates the following Content Security Policy directive: "connect-src 'none'". The policy is report-only, so the violation has been logged but no further action has been taken. @ https://assets.calendly.com/assets/booking/js/booking-f49cf0fd0.js:126
[66506825ms] [INFO] Connecting to 'https://analytics.google.com/g/collect?v=2&tid=G-980JXF2DJN&gtm=45je65k1v9217992233za200&_p=1779553362521&_gaz=1&gcd=13l3l3l3l1l1&npa=0&dma=0&ecid=1796351223&_eu=EAAAAGQC&are=1&cid=1348966702.1779486862&frm=2&ir=1&pscdl=noapi&rcb=5&sr=1470x956&uaa=arm&uab=64&uafvl=Chromium%3B148.0.7778.179%7CGoogle%2520Chrome%3B148.0.7778.179%7CNot%252FA)Brand%3B99.0.0.0&uam=&uamb=0&uap=macOS&uapv=15.7.7&uaw=0&ul=en-us&gaf=2&_s=1&tag_exp=0~115938466~115938468~118689381&sid=1779553363&sct=2&seg=0&dl=https%3A%2F%2Fcalendly.com%2Fjuanh-buttonupmedia%2Ffreeconsultation&dr=https%3A%2F%2Fcalendly.com%2Fjuanh-buttonupmedia%2Ffreeconsultation&dt=Select%20a%20Date%20%26%20Time%20-%20Calendly&_tu=QA&en=invitee_event_type_page&_ss=1&_ee=1&ep.event_category=Calendly&ep.event_label=Free%20Food%20%26%20Beverage%20Marketing%20Consultation&tfd=2720' violates the following Content Security Policy directive: "connect-src 'none'". The policy is report-only, so the violation has been logged but no further action has been taken. @ https://assets.calendly.com/assets/booking/js/booking-f49cf0fd0.js:126
[66506826ms] [INFO] Connecting to 'https://stats.g.doubleclick.net/g/collect?v=2&tid=G-980JXF2DJN&cid=1348966702.1779486862&gtm=45je65k1v9217992233za200&rcb=5&aip=1&dma=0&gcd=13l3l3l3l1l1&npa=0&frm=2&tag_exp=0~115938466~115938468~118689381' violates the following Content Security Policy directive: "connect-src 'none'". The policy is report-only, so the violation has been logged but no further action has been taken. @ https://www.googletagmanager.com/gtag/js?id=G-980JXF2DJN&cx=c&gtm=4e65k1:306
[66506826ms] [INFO] Connecting to 'https://stats.g.doubleclick.net/g/collect?v=2&tid=G-980JXF2DJN&cid=1348966702.1779486862&gtm=45je65k1v9217992233za200&rcb=5&aip=1&dma=0&gcd=13l3l3l3l1l1&npa=0&frm=2&tag_exp=0~115938466~115938468~118689381' violates the following Content Security Policy directive: "connect-src 'none'". The policy is report-only, so the violation has been logged but no further action has been taken. @ https://www.googletagmanager.com/gtag/js?id=G-980JXF2DJN&cx=c&gtm=4e65k1:306
[66506830ms] [INFO] Connecting to 'https://calendly.com/api/booking/analytics/track' violates the following Content Security Policy directive: "connect-src 'none'". The policy is report-only, so the violation has been logged but no further action has been taken. @ https://assets.calendly.com/assets/booking/js/booking-f49cf0fd0.js:62
[66511830ms] [INFO] Connecting to 'https://analytics.google.com/g/collect?v=2&tid=G-980JXF2DJN&gtm=45je65k1v9217992233za200&_p=1779553362521&gcd=13l3l3l3l1l1&npa=0&dma=0&ecid=1796351223&_eu=EAAAAGQC&are=1&cid=1348966702.1779486862&frm=2&ir=1&pscdl=noapi&rcb=5&sr=1470x956&uaa=arm&uab=64&uafvl=Chromium%3B148.0.7778.179%7CGoogle%2520Chrome%3B148.0.7778.179%7CNot%252FA)Brand%3B99.0.0.0&uam=&uamb=0&uap=macOS&uapv=15.7.7&uaw=0&ul=en-us&gaf=2&_s=2&tag_exp=0~115938466~115938468~118689381&sid=1779553363&sct=2&seg=0&dl=https%3A%2F%2Fcalendly.com%2Fjuanh-buttonupmedia%2Ffreeconsultation%3Fmonth%3D2026-05&dr=https%3A%2F%2Fcalendly.com%2Fjuanh-buttonupmedia%2Ffreeconsultation%3Fmonth%3D2026-05&dt=Select%20a%20Date%20%26%20Time%20-%20Calendly&_tu=QA&en=invitee_event_type_page&_ee=1&ep.event_category=Calendly&ep.event_label=Free%20Food%20%26%20Beverage%20Marketing%20Consultation&tfd=7725' violates the following Content Security Policy directive: "connect-src 'none'". The policy is report-only, so the violation has been logged but no further action has been taken. @ https://assets.calendly.com/assets/booking/js/booking-f49cf0fd0.js:126
[66511830ms] [INFO] Connecting to 'https://analytics.google.com/g/collect?v=2&tid=G-980JXF2DJN&gtm=45je65k1v9217992233za200&_p=1779553362521&gcd=13l3l3l3l1l1&npa=0&dma=0&ecid=1796351223&_eu=EAAAAGQC&are=1&cid=1348966702.1779486862&frm=2&ir=1&pscdl=noapi&rcb=5&sr=1470x956&uaa=arm&uab=64&uafvl=Chromium%3B148.0.7778.179%7CGoogle%2520Chrome%3B148.0.7778.179%7CNot%252FA)Brand%3B99.0.0.0&uam=&uamb=0&uap=macOS&uapv=15.7.7&uaw=0&ul=en-us&gaf=2&_s=2&tag_exp=0~115938466~115938468~118689381&sid=1779553363&sct=2&seg=0&dl=https%3A%2F%2Fcalendly.com%2Fjuanh-buttonupmedia%2Ffreeconsultation%3Fmonth%3D2026-05&dr=https%3A%2F%2Fcalendly.com%2Fjuanh-buttonupmedia%2Ffreeconsultation%3Fmonth%3D2026-05&dt=Select%20a%20Date%20%26%20Time%20-%20Calendly&_tu=QA&en=invitee_event_type_page&_ee=1&ep.event_category=Calendly&ep.event_label=Free%20Food%20%26%20Beverage%20Marketing%20Consultation&tfd=7725' violates the following Content Security Policy directive: "connect-src 'none'". The policy is report-only, so the violation has been logged but no further action has been taken. @ https://assets.calendly.com/assets/booking/js/booking-f49cf0fd0.js:126
[66791978ms] [INFO] Connecting to 'https://dfp.calendly.com/submit' violates the following Content Security Policy directive: "connect-src 'none'". The policy is report-only, so the violation has been logged but no further action has been taken. @ https://assets.calendly.com/assets/booking/js/booking-f49cf0fd0.js:126
[66791980ms] [INFO] Connecting to 'https://dfp.calendly.com/submit' violates the following Content Security Policy directive: "connect-src 'none'". The policy is report-only, so the violation has been logged but no further action has been taken. @ https://assets.calendly.com/assets/booking/js/booking-f49cf0fd0.js:126
[67078072ms] [INFO] Connecting to 'https://dfp.calendly.com/submit' violates the following Content Security Policy directive: "connect-src 'none'". The policy is report-only, so the violation has been logged but no further action has been taken. @ https://assets.calendly.com/assets/booking/js/booking-f49cf0fd0.js:126
[67078079ms] [INFO] Connecting to 'https://dfp.calendly.com/submit' violates the following Content Security Policy directive: "connect-src 'none'". The policy is report-only, so the violation has been logged but no further action has been taken. @ https://assets.calendly.com/assets/booking/js/booking-f49cf0fd0.js:126
[67105372ms] [INFO] Connecting to 'https://notifier-configs.airbrake.io/2020-06-18/config/648967/config.json?&notifier_name=airbrake-js%2Fbrowser&notifier_version=2.1.9&os=Mozilla%2F5.0%20(Macintosh%3B%20Intel%20Mac%20OS%20X%2010_15_7)%20AppleWebKit%2F537.36%20(KHTML%2C%20like%20Gecko)%20Chrome%2F148.0.0.0%20Safari%2F537.36&language=JavaScript' violates the following Content Security Policy directive: "connect-src 'none'". The policy is report-only, so the violation has been logged but no further action has been taken. @ https://assets.calendly.com/assets/booking/js/booking-f49cf0fd0.js:62
[67105373ms] [INFO] Connecting to 'https://notifier-configs.airbrake.io/2020-06-18/config/648967/config.json?&notifier_name=airbrake-js%2Fbrowser&notifier_version=2.1.9&os=Mozilla%2F5.0%20(Macintosh%3B%20Intel%20Mac%20OS%20X%2010_15_7)%20AppleWebKit%2F537.36%20(KHTML%2C%20like%20Gecko)%20Chrome%2F148.0.0.0%20Safari%2F537.36&language=JavaScript' violates the following Content Security Policy directive: "connect-src 'none'". The policy is report-only, so the violation has been logged but no further action has been taken. @ https://assets.calendly.com/assets/booking/js/booking-f49cf0fd0.js:62
[67359553ms] [WARNING] GSAP target .case-card not found. https://gsap.com @ https://cdn.jsdelivr.net/npm/gsap@3.12.7/dist/gsap.min.js:9
[67359554ms] [WARNING] GSAP target  not found. https://gsap.com @ https://cdn.jsdelivr.net/npm/gsap@3.12.7/dist/gsap.min.js:9
[67359554ms] [WARNING] GSAP target  not found. https://gsap.com @ https://cdn.jsdelivr.net/npm/gsap@3.12.7/dist/gsap.min.js:9
[67359554ms] [WARNING] Element not found: .case-scroll @ https://cdn.jsdelivr.net/npm/gsap@3.12.7/dist/ScrollTrigger.min.js:9
[67359555ms] [WARNING] GSAP target .process-step not found. https://gsap.com @ https://cdn.jsdelivr.net/npm/gsap@3.12.7/dist/gsap.min.js:9
[67359555ms] [WARNING] GSAP target  not found. https://gsap.com @ https://cdn.jsdelivr.net/npm/gsap@3.12.7/dist/gsap.min.js:9
[67359555ms] [WARNING] GSAP target  not found. https://gsap.com @ https://cdn.jsdelivr.net/npm/gsap@3.12.7/dist/gsap.min.js:9
[67359555ms] [WARNING] Element not found: .process-demo @ https://cdn.jsdelivr.net/npm/gsap@3.12.7/dist/ScrollTrigger.min.js:9
[67359555ms] [WARNING] GSAP target .logo-placeholder not found. https://gsap.com @ https://cdn.jsdelivr.net/npm/gsap@3.12.7/dist/gsap.min.js:9
[67359555ms] [WARNING] GSAP target  not found. https://gsap.com @ https://cdn.jsdelivr.net/npm/gsap@3.12.7/dist/gsap.min.js:9
[67359555ms] [WARNING] GSAP target  not found. https://gsap.com @ https://cdn.jsdelivr.net/npm/gsap@3.12.7/dist/gsap.min.js:9
[67359555ms] [WARNING] Element not found: .logo-bar @ https://cdn.jsdelivr.net/npm/gsap@3.12.7/dist/ScrollTrigger.min.js:9
[67359570ms] [WARNING] GSAP target  not found. https://gsap.com @ https://cdn.jsdelivr.net/npm/gsap@3.12.7/dist/gsap.min.js:9
[67359571ms] [WARNING] GSAP target  not found. https://gsap.com @ https://cdn.jsdelivr.net/npm/gsap@3.12.7/dist/gsap.min.js:9
[67359571ms] [WARNING] GSAP target  not found. https://gsap.com @ https://cdn.jsdelivr.net/npm/gsap@3.12.7/dist/gsap.min.js:9
[67359571ms] [WARNING] GSAP target  not found. https://gsap.com @ https://cdn.jsdelivr.net/npm/gsap@3.12.7/dist/gsap.min.js:9
[67359572ms] [WARNING] GSAP target  not found. https://gsap.com @ https://cdn.jsdelivr.net/npm/gsap@3.12.7/dist/gsap.min.js:9
[67359572ms] [WARNING] GSAP target  not found. https://gsap.com @ https://cdn.jsdelivr.net/npm/gsap@3.12.7/dist/gsap.min.js:9
[67360510ms] [WARNING] GSAP target .case-card not found. https://gsap.com @ https://cdn.jsdelivr.net/npm/gsap@3.12.7/dist/gsap.min.js:9
[67360510ms] [WARNING] GSAP target  not found. https://gsap.com @ https://cdn.jsdelivr.net/npm/gsap@3.12.7/dist/gsap.min.js:9
[67360510ms] [WARNING] GSAP target  not found. https://gsap.com @ https://cdn.jsdelivr.net/npm/gsap@3.12.7/dist/gsap.min.js:9
[67360510ms] [WARNING] Element not found: .case-scroll @ https://cdn.jsdelivr.net/npm/gsap@3.12.7/dist/ScrollTrigger.min.js:9
[67360511ms] [WARNING] GSAP target .process-step not found. https://gsap.com @ https://cdn.jsdelivr.net/npm/gsap@3.12.7/dist/gsap.min.js:9
[67360511ms] [WARNING] GSAP target  not found. https://gsap.com @ https://cdn.jsdelivr.net/npm/gsap@3.12.7/dist/gsap.min.js:9
[67360511ms] [WARNING] GSAP target  not found. https://gsap.com @ https://cdn.jsdelivr.net/npm/gsap@3.12.7/dist/gsap.min.js:9
[67360511ms] [WARNING] Element not found: .process-demo @ https://cdn.jsdelivr.net/npm/gsap@3.12.7/dist/ScrollTrigger.min.js:9
[67360512ms] [WARNING] GSAP target .logo-placeholder not found. https://gsap.com @ https://cdn.jsdelivr.net/npm/gsap@3.12.7/dist/gsap.min.js:9
[67360512ms] [WARNING] GSAP target  not found. https://gsap.com @ https://cdn.jsdelivr.net/npm/gsap@3.12.7/dist/gsap.min.js:9
[67360512ms] [WARNING] GSAP target  not found. https://gsap.com @ https://cdn.jsdelivr.net/npm/gsap@3.12.7/dist/gsap.min.js:9
[67360512ms] [WARNING] Element not found: .logo-bar @ https://cdn.jsdelivr.net/npm/gsap@3.12.7/dist/ScrollTrigger.min.js:9
[67360544ms] [WARNING] GSAP target .hp2-testimonial-video not found. https://gsap.com @ https://cdn.jsdelivr.net/npm/gsap@3.12.7/dist/gsap.min.js:9
[67360544ms] [WARNING] GSAP target  not found. https://gsap.com @ https://cdn.jsdelivr.net/npm/gsap@3.12.7/dist/gsap.min.js:9
[67360544ms] [WARNING] GSAP target  not found. https://gsap.com @ https://cdn.jsdelivr.net/npm/gsap@3.12.7/dist/gsap.min.js:9
[67360544ms] [WARNING] Element not found: .hp2-testimonial-grid @ https://cdn.jsdelivr.net/npm/gsap@3.12.7/dist/ScrollTrigger.min.js:9
[67360544ms] [WARNING] GSAP target #industry .hp2-industry-stat not found. https://gsap.com @ https://cdn.jsdelivr.net/npm/gsap@3.12.7/dist/gsap.min.js:9
[67360544ms] [WARNING] GSAP target  not found. https://gsap.com @ https://cdn.jsdelivr.net/npm/gsap@3.12.7/dist/gsap.min.js:9
[67360544ms] [WARNING] GSAP target  not found. https://gsap.com @ https://cdn.jsdelivr.net/npm/gsap@3.12.7/dist/gsap.min.js:9
[67360544ms] [WARNING] GSAP target #industry .lib-section-title, #industry .lib-section-sub not found. https://gsap.com @ https://cdn.jsdelivr.net/npm/gsap@3.12.7/dist/gsap.min.js:9
[67360544ms] [WARNING] GSAP target  not found. https://gsap.com @ https://cdn.jsdelivr.net/npm/gsap@3.12.7/dist/gsap.min.js:9
[67360544ms] [WARNING] GSAP target  not found. https://gsap.com @ https://cdn.jsdelivr.net/npm/gsap@3.12.7/dist/gsap.min.js:9
[67360545ms] [WARNING] GSAP target .hp2-pull-quote not found. https://gsap.com @ https://cdn.jsdelivr.net/npm/gsap@3.12.7/dist/gsap.min.js:9
[67360545ms] [WARNING] GSAP target  not found. https://gsap.com @ https://cdn.jsdelivr.net/npm/gsap@3.12.7/dist/gsap.min.js:9
[67360545ms] [WARNING] GSAP target  not found. https://gsap.com @ https://cdn.jsdelivr.net/npm/gsap@3.12.7/dist/gsap.min.js:9
[67360545ms] [WARNING] Element not found: .hp2-pull-quote @ https://cdn.jsdelivr.net/npm/gsap@3.12.7/dist/ScrollTrigger.min.js:9
[67360560ms] [WARNING] GSAP target  not found. https://gsap.com @ https://cdn.jsdelivr.net/npm/gsap@3.12.7/dist/gsap.min.js:9
[67360560ms] [WARNING] GSAP target  not found. https://gsap.com @ https://cdn.jsdelivr.net/npm/gsap@3.12.7/dist/gsap.min.js:9
[67360560ms] [WARNING] GSAP target  not found. https://gsap.com @ https://cdn.jsdelivr.net/npm/gsap@3.12.7/dist/gsap.min.js:9
[67360560ms] [WARNING] GSAP target  not found. https://gsap.com @ https://cdn.jsdelivr.net/npm/gsap@3.12.7/dist/gsap.min.js:9
[67360560ms] [WARNING] GSAP target  not found. https://gsap.com @ https://cdn.jsdelivr.net/npm/gsap@3.12.7/dist/gsap.min.js:9
[67360723ms] [WARNING] GSAP target  not found. https://gsap.com @ https://cdn.jsdelivr.net/npm/gsap@3.12.7/dist/gsap.min.js:9
[67360723ms] [WARNING] GSAP target  not found. https://gsap.com @ https://cdn.jsdelivr.net/npm/gsap@3.12.7/dist/gsap.min.js:9
[67360723ms] [WARNING] GSAP target  not found. https://gsap.com @ https://cdn.jsdelivr.net/npm/gsap@3.12.7/dist/gsap.min.js:9
[67360724ms] [WARNING] GSAP target  not found. https://gsap.com @ https://cdn.jsdelivr.net/npm/gsap@3.12.7/dist/gsap.min.js:9
[67360724ms] [WARNING] GSAP target  not found. https://gsap.com @ https://cdn.jsdelivr.net/npm/gsap@3.12.7/dist/gsap.min.js:9
